Title: My Test Page
Description: This is a test HTML file
Links: 3

<!DOCTYPE html>
<html>
<head>
<title>My Test Page</title>
<meta name="description" content="This is a test HTML file">
</head>
<body>
<h1>Hello</h1>
<a href="#">Link 1</a>
<a href="#">Link 2</a>
<a href="#">Link 3</a>
</body>
</html>
