
  # Hello World                                                               
                                                                              
  This is a **markdown** file.                                                
                                                                              
  • item 1                                                                    
  • item 2                                                                    
                                                                              
    fmt.Println("Hello")                                                      

